// Jest Snapshot v1, https://goo.gl/fbAQLP

exports[`Render Button with text 1`] = `
<p
  class="text undefined"
>
  Текст кнопки
</p>
`;
